MACRO ASSEMBLER THIN_KT2                                    12/20/19 08:03:26 PAGE     1


WIN32 MACRO ASSEMBLER MA51 V06.04.08OBJECT MODULE PLACED IN C:\USERS\T2TEA\DOCUMENTS\RIDE\8051\THIN_KT2.OBJ
ASSEMBLER INVOKED BY: MA51.EXE C:\USERS\T2TEA\DOCUMENTS\RIDE\8051\THIN_KT2.A51 OJ("C:\USERS\T2TEA\DOCUMENTS\RIDE\8051\THIN_KT2.OBJ") PIN("C:\RIDE\INC") EP LINES SYNTAX(ASM51) PR("C:\USERS\T2TEA\DOCUMENTS\RIDE\8051\THIN_KT2.LST") XR DB PW(80) RB(0) 

LOC     OBJ           LINE    SOURCE
                         1     $INCLUDE(REG51.INC)
  0000                  80     ORG 0000H
                        81     X2: 
0000    758000          82       MOV P0,#00H
0003    75A000          83       MOV P2,#00H
0006    120043          84       CALL TRE
0009    7580FF          85       MOV P0,#0FFH
000C    75A0FF          86       MOV P2,#0FFH
000F    120043          87       CALL TRE
0012    7580AA          88       MOV P0,#10101010B
0015    75A0AA          89       MOV P2,#10101010B
0018    120043          90       CALL TRE
001B    758055          91       MOV P0,#01010101B
001E    75A055          92       MOV P2,#01010101B
                        93     X1: 
0021    75B0FF          94       MOV P3,#0FFH
0024    7400            95       MOV A,#0
0026    7A00            96       MOV R2,#0
0028    900038          97       MOV DPTR,#BANG_MA
                        98     X10: 
002B    EA              99       MOV A,R2
002C    93             100       MOVC A,@A+DPTR
002D    F5B0           101       MOV P3,A
002F    120043         102       CALL TRE
0032    0A             103       INC R2
0033    BA0BF5         104       CJNE R2,#11,X10
0036    80C8           105       JMP X2
0038    C0F9A4B0       106     BANG_MA:  DB 0C0H,0F9H,0A4H,0B0H,99H,92H,82H,0F8H,80H,90H,0FFH
003C    999282F8
0040    8090FF
                       107     
                       108     TRE: 
0043    758901         109         MOV TMOD,#01H
0046    7803           110         MOV R0,#3
                       111      LAP: 
0048    C28D           112         CLR TF0
004A    758C3C         113         MOV TH0,#3CH
004D    758AB0         114         MOV TL0,#0B0H
0050    D28C           115         SETB TR0
0052    308DFD         116         JNB TF0,$
0055    D8F1           117         DJNZ R0,LAP
0057    C28C           118         CLR TR0
0059    22             119         RET
                       120     END 
MACRO ASSEMBLER THIN_KT2                                    12/20/19 08:03:26 PAGE     0


SYMBOL TABLE LISTING
------ ----- -------


N A M E             T Y P E  V A L U E   ATTRIBUTES             REFERENCES

DPL. . . . . . . .  D ADDR   0082H   A                          16# 
P0 . . . . . . . .  D ADDR   0080H   A                          8# 82 85 88 91 
P1 . . . . . . . .  D ADDR   0090H   A                          9# 
B. . . . . . . . .  D ADDR   00F0H   A                          14# 
P2 . . . . . . . .  D ADDR   00A0H   A                          10# 83 86 89 92 
PS . . . . . . . .  B ADDR   00B8H.4 A                          57# 
SP . . . . . . . .  D ADDR   0081H   A                          15# 
P3 . . . . . . . .  D ADDR   00B0H   A                          11# 94 101 
T0 . . . . . . . .  B ADDR   00B0H.4 A                          66# 
AC . . . . . . . .  B ADDR   00D0H.6 A                          34# 
BANG_MA. . . . . .  C ADDR   0038H   A                          97 106# 
REN. . . . . . . .  B ADDR   0098H.4 A                          75# 
T1 . . . . . . . .  B ADDR   00B0H.5 A                          65# 
OV . . . . . . . .  B ADDR   00D0H.2 A                          38# 
EA . . . . . . . .  B ADDR   00A8H.7 A                          50# 
ACC. . . . . . . .  D ADDR   00E0H   A                          13# 
X1 . . . . . . . .  C ADDR   0021H   A                          93# 
WR . . . . . . . .  B ADDR   00B0H.6 A                          64# 
ET0. . . . . . . .  B ADDR   00A8H.1 A                          54# 
X2 . . . . . . . .  C ADDR   0000H   A                          81# 105 
ET1. . . . . . . .  B ADDR   00A8H.3 A                          52# 
TF0. . . . . . . .  B ADDR   0088H.5 A                          43# 112 116 120 
TRE. . . . . . . .  C ADDR   0043H   A                          84 87 90 102 108# 
                                                                
TF1. . . . . . . .  B ADDR   0088H.7 A                          41# 
RB8. . . . . . . .  B ADDR   0098H.2 A                          77# 
TH0. . . . . . . .  D ADDR   008CH   A                          23# 113 
EX0. . . . . . . .  B ADDR   00A8H.0 A                          55# 
IT0. . . . . . . .  B ADDR   0088H.0 A                          48# 
TH1. . . . . . . .  D ADDR   008DH   A                          24# 
TB8. . . . . . . .  B ADDR   0098H.3 A                          76# 
RXD. . . . . . . .  B ADDR   00B0H.0 A                          70# 
EX1. . . . . . . .  B ADDR   00A8H.2 A                          53# 
IT1. . . . . . . .  B ADDR   0088H.2 A                          46# 
IE . . . . . . . .  D ADDR   00A8H   A                          25# 
SM0. . . . . . . .  B ADDR   0098H.7 A                          72# 
TXD. . . . . . . .  B ADDR   00B0H.1 A                          69# 
P. . . . . . . . .  B ADDR   00D0H.0 A                          39# 
SBUF . . . . . . .  D ADDR   0099H   A                          28# 
TL0. . . . . . . .  D ADDR   008AH   A                          21# 114 
PCON . . . . . . .  D ADDR   0087H   A                          18# 
SM1. . . . . . . .  B ADDR   0098H.6 A                          73# 
TL1. . . . . . . .  D ADDR   008BH   A                          22# 
SM2. . . . . . . .  B ADDR   0098H.5 A                          74# 
SCON . . . . . . .  D ADDR   0098H   A                          27# 
PT0. . . . . . . .  B ADDR   00B8H.1 A                          60# 
TMOD . . . . . . .  D ADDR   0089H   A                          20# 109 
TCON . . . . . . .  D ADDR   0088H   A                          19# 
PT1. . . . . . . .  B ADDR   00B8H.3 A                          58# 
RS0. . . . . . . .  B ADDR   00D0H.3 A                          37# 
RD . . . . . . . .  B ADDR   00B0H.7 A                          63# 
TR0. . . . . . . .  B ADDR   0088H.4 A                          44# 115 118 
RS1. . . . . . . .  B ADDR   00D0H.4 A                          36# 
F0 . . . . . . . .  B ADDR   00D0H.5 A                          35# 
TR1. . . . . . . .  B ADDR   0088H.6 A                          42# 
PX0. . . . . . . .  B ADDR   00B8H.0 A                          61# 
ES . . . . . . . .  B ADDR   00A8H.4 A                          51# 
X10. . . . . . . .  C ADDR   002BH   A                          98# 104 
PX1. . . . . . . .  B ADDR   00B8H.2 A                          59# 
IP . . . . . . . .  D ADDR   00B8H   A                          26# 
PSW. . . . . . . .  D ADDR   00D0H   A                          12# 
RI . . . . . . . .  B ADDR   0098H.0 A                          79# 
INT0 . . . . . . .  B ADDR   00B0H.2 A                          68# 
INT1 . . . . . . .  B ADDR   00B0H.3 A                          67# 
CY . . . . . . . .  B ADDR   00D0H.7 A                          33# 
DPH. . . . . . . .  D ADDR   0083H   A                          17# 
LAP. . . . . . . .  C ADDR   0048H   A                          111# 117 
TI . . . . . . . .  B ADDR   0098H.1 A                          78# 
IE0. . . . . . . .  B ADDR   0088H.1 A                          47# 
IE1. . . . . . . .  B ADDR   0088H.3 A                          45# 



MODULE INFORMATION:   STATIC OVERLAYABLE
   CODE SIZE        =     90    ----
   XDATA SIZE       =   ----    ----
   DATA SIZE        =   ----    ----
   IDATA SIZE       =   ----    ----
   BIT SIZE         =   ----    ----
END OF MODULE INFORMATION.


REGISTER BANK(S) USED : 0 

ASSEMBLY COMPLETE.   0 WARNING(S)   0 ERROR(S)
